// Vitest Snapshot v1, https://vitest.dev/guide/snapshot.html

exports[`Domain constants > matches the snapshot 1`] = `
{
  "LOCAL_DOMAIN": "http://localhost:3000",
  "PRODUCTION_DOMAIN": "https://osuswe.app",
}
`;
