// Vitest Snapshot v1, https://vitest.dev/guide/snapshot.html

exports[`FatalErrorPage component > matches the snapshot 1`] = `
<DocumentFragment>
  <main
    class="w-full h-full flex flex-col justify-center items-center"
  >
    <div
      aria-atomic="true"
      aria-live="assertive"
      class="card bg-base-200 shadow-lg text-center"
      role="alert"
    >
      <div
        class="card-body items-center gap-3 text-lg"
      >
        <svg
          aria-hidden="true"
          class="size-12 text-error"
          data-slot="icon"
          fill="none"
          stroke="currentColor"
          stroke-width="1.5"
          viewBox="0 0 24 24"
          xmlns="http://www.w3.org/2000/svg"
        >
          <path
            d="M15.362 5.214A8.252 8.252 0 0 1 12 21 8.25 8.25 0 0 1 6.038 7.047 8.287 8.287 0 0 0 9 9.601a8.983 8.983 0 0 1 3.361-6.867 8.21 8.21 0 0 0 3 2.48Z"
            stroke-linecap="round"
            stroke-linejoin="round"
          />
          <path
            d="M12 18a3.75 3.75 0 0 0 .495-7.468 5.99 5.99 0 0 0-1.925 3.547 5.975 5.975 0 0 1-2.133-1.001A3.75 3.75 0 0 0 12 18Z"
            stroke-linecap="round"
            stroke-linejoin="round"
          />
        </svg>
        <p
          class="text-center flex flex-col justify-center items-center leading-snug"
        >
          <span
            class="sr-only"
          >
            Service Unavailable
          </span>
          <span
            aria-hidden="true"
          >
            Service
          </span>
          <span
            aria-hidden="true"
          >
            Unavailable
          </span>
        </p>
      </div>
    </div>
  </main>
</DocumentFragment>
`;
